// Jest Snapshot v1, https://goo.gl/fbAQLP

exports[`should generate a type template from fields 1`] = `
"export default new GraphQLObjectType({
  name: \\"Example\\",
  description: 'Represents NAME',
  fields: () => ({
    id: globalIdField('NAME'),
    example: {
      type: GraphQLString,
      description: 'My example field',
      resolve: obj => obj.example
    }
  }),
  interfaces: () => [NodeInterface]
});"
`;
